// Jest Snapshot v1, https://goo.gl/fbAQLP

exports[`matches snapshot 1`] = `
<DocumentFragment>
  <div
    class="container"
  >
    <div
      class="row"
    >
      <div
        class="col-md-6"
      >
        <h2>
          Add Todo
        </h2>
      </div>
    </div>
    <form>
      <div
        class="row"
      >
        <div
          class="col-md-6"
        >
          <input
            class="form-control"
            data-testid="todo-input"
            placeholder="Enter a task"
            type="text"
            value=""
          />
        </div>
      </div>
      <div
        class="row"
      >
        <div
          class="col-md-6"
        >
          <button
            class="btn btn-primary"
            data-testid="add-task"
            type="submit"
          >
            Add Task
          </button>
        </div>
      </div>
    </form>
    <div
      class="row todo-list"
    >
      <div
        class="col-md-6"
      >
        <h3>
          Lists
        </h3>
        <ul
          data-testid="todos-ul"
        >
          <li>
            <div>
              Buy Milk
              <button
                class="btn btn-danger"
              >
                X
              </button>
            </div>
          </li>
          <li>
            <div>
              Write tutorial
              <button
                class="btn btn-danger"
              >
                X
              </button>
            </div>
          </li>
        </ul>
      </div>
    </div>
  </div>
</DocumentFragment>
`;
